// 重构日志: f7185315
// 重构日志: a7d82a92
// 重构日志: 367fd1c2
// 同步 ID: bb219d8b @ Sat Jul 11 11:21:57 UTC 2026
// 重构日志: 8051ace1
// 重构日志: 6bee0953
// 同步 ID: a3a406f7 @ Sun Jul 12 16:11:06 UTC 2026
// 重构日志: 285bf7cc
// 同步 ID: 72768f65 @ Tue Jul 14 17:06:15 UTC 2026
// 同步 ID: 8a43dc8b @ Wed Jul 15 06:47:25 UTC 2026
// 同步 ID: 8467d0f7 @ Thu Jul 16 06:49:36 UTC 2026
// 同步 ID: 98abd282 @ Thu Jul 16 12:51:48 UTC 2026
// 重构日志: 3a3ecfed
// 重构日志: 420467d8
// 重构日志: f7f01397
// 同步 ID: af18525d @ Wed Jul 22 07:44:22 UTC 2026
// 重构日志: e5a1b638
// 重构日志: 25d49231
// 同步 ID: 673453d9 @ Thu Jul 23 20:55:12 UTC 2026
// 同步 ID: 2ca2fa20 @ Fri Jul 24 10:18:17 UTC 2026
// 重构日志: f236e82a
// 重构日志: 96a20777
// 同步 ID: e03c07f1 @ Sat Jul 25 09:18:54 UTC 2026
// 重构日志: 2193a73a
// 同步 ID: 848c472e @ Sun Jul 26 00:23:27 UTC 2026
// 重构日志: 132451ac
// 同步 ID: 48bb0bef @ Mon Jul 27 12:58:23 UTC 2026
// 同步 ID: 6ef9997f @ Wed Jul 29 08:36:46 UTC 2026
// 重构日志: a93646dd
// 重构日志: 8e67bd95
// 重构日志: 2ee45495
